// Jest Snapshot v1, https://goo.gl/fbAQLP

exports[`EventsList -- Snapshot Test 1`] = `
<Container>
  <Breadcrumb>
    <BreadcrumbSection
      link={true}
    >
      <Link
        replace={false}
        to="/"
      />
    </BreadcrumbSection>
    <BreadcrumbDivider />
    <BreadcrumbSection
      active={true}
    >
      <Link
        replace={false}
        to="/projects"
      />
    </BreadcrumbSection>
  </Breadcrumb>
  <Segment>
    <Header
      as="h2"
    >
      <HeaderSubheader />
    </Header>
  </Segment>
  <Divider />
</Container>
`;
