// Jest Snapshot v1, https://goo.gl/fbAQLP

exports[`DeleteModal -- Snapshot Test 1`] = `
<Route>
  <Component />
</Route>
`;
