// Jest Snapshot v1, https://goo.gl/fbAQLP

exports[`LanguageSwitcher -- Snapshot Test 1`] = `
<Dropdown
  additionLabel="Add "
  additionPosition="top"
  closeOnBlur={true}
  closeOnEscape={true}
  deburr={false}
  icon="globe"
  item={true}
  minCharacters={1}
  noResultsMessage="No results found."
  openOnFocus={true}
  renderLabel={[Function]}
  searchInput="text"
  selectOnBlur={true}
  selectOnNavigation={true}
  wrapSelection={true}
>
  <DropdownMenu>
    <DropdownItem
      key="en-US-0"
      onClick={[Function]}
      value="en-US"
    >
      <Flag
        as="i"
        name="us"
      />
    </DropdownItem>
    <DropdownItem
      key="es-ES-1"
      onClick={[Function]}
      value="es-ES"
    >
      <Flag
        as="i"
        name="es"
      />
    </DropdownItem>
    <DropdownItem
      key="de-DE-2"
      onClick={[Function]}
      value="de-DE"
    >
      <Flag
        as="i"
        name="de"
      />
    </DropdownItem>
  </DropdownMenu>
</Dropdown>
`;
