// Jest Snapshot v1, https://goo.gl/fbAQLP

exports[`Loader -- Snapshot Test 1`] = `
<Dimmer
  active={true}
>
  <Loader
    inverted={true}
    size="big"
  />
</Dimmer>
`;
