// Jest Snapshot v1, https://goo.gl/fbAQLP

exports[`ProjectsList -- Snapshot Test 1`] = `
<Loader
  loading={[Function]}
/>
`;
